Build NativePHP appΓÇª

up to date, audited 1062 packages in 1m

146 packages are looking for funding
  run `npm fund` for details

14 vulnerabilities (4 low, 5 moderate, 5 high)

To address issues that do not require attention, run:
  npm audit fix

To address all issues (including breaking changes), run:
  npm audit fix --force

Run `npm audit` for details.
Installing dependencies from lock file
Verifying lock file contents can be installed on current platform.
Nothing to install, update or remove
Generating optimized autoload files
> Illuminate\Foundation\ComposerScripts::postAutoloadDump

  [37;44m INFO [39;49m Discovering packages.  

  laravel/sanctum [90m.[39m[90m.[39m[90m.[39m[90m.[39m[90m.[39m[90m.[39m[90m.[39m[90m.[39m[90m.[39m[90m.[39m[90m.[39m[90m.[39m[90m.[39m[90m.[39m[90m.[39m[90m.[39m[90m.[39m[90m.[39m[90m.[39m[90m.[39m[90m.[39m[90m.[39m[90m.[39m[90m.[39m[90m.[39m[90m.[39m[90m.[39m[90m.[39m[90m.[39m[90m.[39m[90m.[39m[90m.[39m[90m.[39m[90m.[39m[90m.[39m[90m.[39m[90m.[39m[90m.[39m[90m.[39m[90m.[39m[90m.[39m[90m.[39m[90m.[39m[90m.[39m[90m.[39m[90m.[39m[90m.[39m[90m.[39m[90m.[39m[90m.[39m[90m.[39m[90m.[39m[90m.[39m[90m.[39m[90m.[39m [32;1mDONE[39;22m
  laravel/tinker [90m.[39m[90m.[39m[90m.[39m[90m.[39m[90m.[39m[90m.[39m[90m.[39m[90m.[39m[90m.[39m[90m.[39m[90m.[39m[90m.[39m[90m.[39m[90m.[39m[90m.[39m[90m.[39m[90m.[39m[90m.[39m[90m.[39m[90m.[39m[90m.[39m[90m.[39m[90m.[39m[90m.[39m[90m.[39m[90m.[39m[90m.[39m[90m.[39m[90m.[39m[90m.[39m[90m.[39m[90m.[39m[90m.[39m[90m.[39m[90m.[39m[90m.[39m[90m.[39m[90m.[39m[90m.[39m[90m.[39m[90m.[39m[90m.[39m[90m.[39m[90m.[39m[90m.[39m[90m.[39m[90m.[39m[90m.[39m[90m.[39m[90m.[39m[90m.[39m[90m.[39m[90m.[39m[90m.[39m[90m.[39m[90m.[39m [32;1mDONE[39;22m
  laravel/ui [90m.[39m[90m.[39m[90m.[39m[90m.[39m[90m.[39m[90m.[39m[90m.[39m[90m.[39m[90m.[39m[90m.[39m[90m.[39m[90m.[39m[90m.[39m[90m.[39m[90m.[39m[90m.[39m[90m.[39m[90m.[39m[90m.[39m[90m.[39m[90m.[39m[90m.[39m[90m.[39m[90m.[39m[90m.[39m[90m.[39m[90m.[39m[90m.[39m[90m.[39m[90m.[39m[90m.[39m[90m.[39m[90m.[39m[90m.[39m[90m.[39m[90m.[39m[90m.[39m[90m.[39m[90m.[39m[90m.[39m[90m.[39m[90m.[39m[90m.[39m[90m.[39m[90m.[39m[90m.[39m[90m.[39m[90m.[39m[90m.[39m[90m.[39m[90m.[39m[90m.[39m[90m.[39m[90m.[39m[90m.[39m[90m.[39m[90m.[39m[90m.[39m[90m.[39m[90m.[39m [32;1mDONE[39;22m
  nativephp/electron [90m.[39m[90m.[39m[90m.[39m[90m.[39m[90m.[39m[90m.[39m[90m.[39m[90m.[39m[90m.[39m[90m.[39m[90m.[39m[90m.[39m[90m.[39m[90m.[39m[90m.[39m[90m.[39m[90m.[39m[90m.[39m[90m.[39m[90m.[39m[90m.[39m[90m.[39m[90m.[39m[90m.[39m[90m.[39m[90m.[39m[90m.[39m[90m.[39m[90m.[39m[90m.[39m[90m.[39m[90m.[39m[90m.[39m[90m.[39m[90m.[39m[90m.[39m[90m.[39m[90m.[39m[90m.[39m[90m.[39m[90m.[39m[90m.[39m[90m.[39m[90m.[39m[90m.[39m[90m.[39m[90m.[39m[90m.[39m[90m.[39m[90m.[39m[90m.[39m[90m.[39m [32;1mDONE[39;22m
  nativephp/laravel [90m.[39m[90m.[39m[90m.[39m[90m.[39m[90m.[39m[90m.[39m[90m.[39m[90m.[39m[90m.[39m[90m.[39m[90m.[39m[90m.[39m[90m.[39m[90m.[39m[90m.[39m[90m.[39m[90m.[39m[90m.[39m[90m.[39m[90m.[39m[90m.[39m[90m.[39m[90m.[39m[90m.[39m[90m.[39m[90m.[39m[90m.[39m[90m.[39m[90m.[39m[90m.[39m[90m.[39m[90m.[39m[90m.[39m[90m.[39m[90m.[39m[90m.[39m[90m.[39m[90m.[39m[90m.[39m[90m.[39m[90m.[39m[90m.[39m[90m.[39m[90m.[39m[90m.[39m[90m.[39m[90m.[39m[90m.[39m[90m.[39m[90m.[39m[90m.[39m[90m.[39m[90m.[39m [32;1mDONE[39;22m
  nesbot/carbon [90m.[39m[90m.[39m[90m.[39m[90m.[39m[90m.[39m[90m.[39m[90m.[39m[90m.[39m[90m.[39m[90m.[39m[90m.[39m[90m.[39m[90m.[39m[90m.[39m[90m.[39m[90m.[39m[90m.[39m[90m.[39m[90m.[39m[90m.[39m[90m.[39m[90m.[39m[90m.[39m[90m.[39m[90m.[39m[90m.[39m[90m.[39m[90m.[39m[90m.[39m[90m.[39m[90m.[39m[90m.[39m[90m.[39m[90m.[39m[90m.[39m[90m.[39m[90m.[39m[90m.[39m[90m.[39m[90m.[39m[90m.[39m[90m.[39m[90m.[39m[90m.[39m[90m.[39m[90m.[39m[90m.[39m[90m.[39m[90m.[39m[90m.[39m[90m.[39m[90m.[39m[90m.[39m[90m.[39m[90m.[39m[90m.[39m[90m.[39m [32;1mDONE[39;22m
  nunomaduro/termwind [90m.[39m[90m.[39m[90m.[39m[90m.[39m[90m.[39m[90m.[39m[90m.[39m[90m.[39m[90m.[39m[90m.[39m[90m.[39m[90m.[39m[90m.[39m[90m.[39m[90m.[39m[90m.[39m[90m.[39m[90m.[39m[90m.[39m[90m.[39m[90m.[39m[90m.[39m[90m.[39m[90m.[39m[90m.[39m[90m.[39m[90m.[39m[90m.[39m[90m.[39m[90m.[39m[90m.[39m[90m.[39m[90m.[39m[90m.[39m[90m.[39m[90m.[39m[90m.[39m[90m.[39m[90m.[39m[90m.[39m[90m.[39m[90m.[39m[90m.[39m[90m.[39m[90m.[39m[90m.[39m[90m.[39m[90m.[39m[90m.[39m[90m.[39m[90m.[39m [32;1mDONE[39;22m

> @php artisan package:discover --ansi
59 packages you are using are looking for funding.
Use the `composer fund` command to find out more!

 [46m[30m Copying app icons... [39m[49m

 App icons copied

Building for win-x64

> biometric-system@1.0.0 build:win-x64
> cross-env node php.js --win --x64 && cross-env npm run build && cross-env node ./node_modules/electron-builder/cli.js -p never --win --config --x64

Binary Source:  C:\Users\Admin\Documents\Github\biometric-system\vendor\nativephp\php-bin\bin\win\x64\php-8.2.zip
Binary Filename:  php.exe
PHP version: 8.2
Unzipping PHP binary from C:\Users\Admin\Documents\Github\biometric-system\vendor\nativephp\php-bin\bin\win\x64\php-8.2.zip to C:\Users\Admin\Documents\Github\biometric-system\vendor\nativephp\electron\resources\js\resources\php
Copied certificate file to C:\Users\Admin\Documents\Github\biometric-system\vendor\nativephp\electron\resources\js\resources\cacert.pem
Copied PHP binary to  C:\Users\Admin\Documents\Github\biometric-system\vendor\nativephp\electron\resources\js\resources\php\php.exe

> biometric-system@1.0.0 build
> electron-vite build

[36mvite v4.5.14 [32mbuilding SSR bundle for production...[36m[39m
transforming...
[32mΓ£ô[39m 31 modules transformed.
[33mrenderer config is missing[39m
rendering chunks...
[2mout/main/[22m[36mindex.js  [39m[1m[2m58.66 kB[22m[1m[22m
[32mΓ£ô built in 333ms[39m
[36mvite v4.5.14 [32mbuilding SSR bundle for production...[36m[39m
transforming...
[32mΓ£ô[39m 1 modules transformed.
rendering chunks...
[2mout/preload/[22m[36mindex.js  [39m[1m[2m0.70 kB[22m[1m[22m
[32mΓ£ô built in 6ms[39m
"contextBridge" and "ipcRenderer" are imported from external module "electron" but never used in "src/preload/index.js".
  ΓÇó electron-builder  version=24.13.3 os=10.0.26200
Arch:  x64
Platform:  win32

===================================================================
                    Building for win
===================================================================

Updater config { provider: 'spaces', name: null, region: null, path: null }


Copied app to resources
C:\Users\Admin\Documents\Github\biometric-system\dist

===================================================================
                       Starting build...

  ΓÇó loaded configuration  file=C:\Users\Admin\Documents\Github\biometric-system\vendor\nativephp\electron\resources\js\electron-builder.js
  ΓÇó skipped dependencies rebuild  reason=npmRebuild is set to false
  ΓÇó packaging       platform=win32 arch=x64 electron=31.7.7 appOutDir=C:\Users\Admin\Documents\Github\biometric-system\dist\win-unpacked
  ΓÇó building        target=nsis file=C:\Users\Admin\Documents\Github\biometric-system\dist\biometric-system-1.0.0-setup.exe archs=x64 oneClick=true perMachine=false
  ΓÇó building block map  blockMapFile=C:\Users\Admin\Documents\Github\biometric-system\dist\biometric-system-1.0.0-setup.exe.blockmap
